[uithemez.com/i/archin-html-combaind/home-1.html]
[backblue.gif]
[fade.gif]
[index.html]
[uithemez.com/i/archin-html-combaind/assets/img/home1/fav.png]
[uithemez.com/i/archin-html-combaind/common/assets/css/lib/bootstrap.min.css]
[uithemez.com/i/archin-html-combaind/common/assets/css/lib/line-awesome.css]
[uithemez.com/i/archin-html-combaind/common/assets/css/lib/all.min.css]
[uithemez.com/i/archin-html-combaind/common/assets/css/lib/themify-icons.css]
[uithemez.com/i/archin-html-combaind/common/assets/css/lib/animate.css]
[uithemez.com/i/archin-html-combaind/common/assets/css/lib/jquery.fancybox.css]
[uithemez.com/i/archin-html-combaind/common/assets/css/lib/lity.css]
[uithemez.com/i/archin-html-combaind/common/assets/css/lib/swiper8.min.css]
[uithemez.com/i/archin-html-combaind/common/assets/css/common_style.css]
[uithemez.com/i/archin-html-combaind/assets/style.css]
[uithemez.com/i/archin-html-combaind/assets/img/home1/chat_pat2.png]
[uithemez.com/i/archin-html-combaind/assets/img/home1/logo.png]
[uithemez.com/i/archin-html-combaind/assets/img/home1/head_slide1.jpg]
[uithemez.com/i/archin-html-combaind/assets/img/home1/head_slide2.png]
[uithemez.com/i/archin-html-combaind/assets/img/home1/head_slide3.png]
[uithemez.com/i/archin-html-combaind/assets/img/home1/exp.png]
[uithemez.com/i/archin-html-combaind/assets/img/home1/c_line.png]
[uithemez.com/i/archin-html-combaind/assets/img/home1/services/ser1.jpg]
[uithemez.com/i/archin-html-combaind/assets/img/home1/services/ser2.jpg]
[uithemez.com/i/archin-html-combaind/assets/img/home1/services/ser3.jpg]
[uithemez.com/i/archin-html-combaind/assets/img/home1/services/ser4.jpg]
[uithemez.com/i/archin-html-combaind/assets/img/home1/services/ser.jpg]
[uithemez.com/i/archin-html-combaind/assets/img/home1/process.jpg]
[uithemez.com/i/archin-html-combaind/assets/img/home1/c_line2.png]
[uithemez.com/i/archin-html-combaind/assets/img/home1/projects/proj1.jpg]
[uithemez.com/i/archin-html-combaind/assets/img/home1/projects/proj2.jpg]
[uithemez.com/i/archin-html-combaind/assets/img/home1/projects/proj3.jpg]
[uithemez.com/i/archin-html-combaind/assets/img/home1/team/team1.jpg]
[uithemez.com/i/archin-html-combaind/assets/img/home1/c_line3.png]
[uithemez.com/i/archin-html-combaind/assets/img/home1/team/team2.jpg]
[uithemez.com/i/archin-html-combaind/assets/img/home1/team/team3.jpg]
[uithemez.com/i/archin-html-combaind/assets/img/home1/team/team4.jpg]
[uithemez.com/i/archin-html-combaind/assets/img/home1/team/team5.jpg]
[uithemez.com/i/archin-html-combaind/assets/img/home1/team/team6.jpg]
[uithemez.com/i/archin-html-combaind/assets/img/home1/team/team7.jpg]
[uithemez.com/i/archin-html-combaind/assets/img/home1/blog/blog1.jpg]
[uithemez.com/i/archin-html-combaind/assets/img/home1/blog/blog2.jpg]
[uithemez.com/i/archin-html-combaind/assets/img/home1/c_line4.png]
[uithemez.com/i/archin-html-combaind/common/assets/js/lib/jquery-3.0.0.min.js]
[uithemez.com/i/archin-html-combaind/common/assets/js/lib/jquery-migrate-3.0.0.min.js]
[uithemez.com/i/archin-html-combaind/common/assets/js/lib/bootstrap.bundle.min.js]
[uithemez.com/i/archin-html-combaind/common/assets/js/lib/wow.min.js]
[uithemez.com/i/archin-html-combaind/common/assets/js/lib/jquery.fancybox.js]
[uithemez.com/i/archin-html-combaind/common/assets/js/lib/lity.js]
[uithemez.com/i/archin-html-combaind/common/assets/js/lib/swiper8-bundle.min.js]
[uithemez.com/i/archin-html-combaind/common/assets/js/lib/jquery.waypoints.min.js]
[uithemez.com/i/archin-html-combaind/common/assets/js/lib/jquery.counterup.js]
[uithemez.com/i/archin-html-combaind/common/assets/js/lib/parallaxie.js]
[uithemez.com/i/archin-html-combaind/common/assets/js/gsap_lib/gsap.min.js]
[uithemez.com/i/archin-html-combaind/common/assets/js/gsap_lib/ScrollSmoother.min.js]
[uithemez.com/i/archin-html-combaind/common/assets/js/gsap_lib/ScrollTrigger.min.js]
[uithemez.com/i/archin-html-combaind/common/assets/js/gsap_lib/SplitText.min.js]
[uithemez.com/i/archin-html-combaind/common/assets/js/common_js.js]
[uithemez.com/i/archin-html-combaind/home-1.html]
[uithemez.com/i/archin-html-combaind/common/assets/css/lib/bootstrap.min.css]
[uithemez.com/i/archin-html-combaind/assets/main.js]
[uithemez.com/i/archin-html-combaind/common/assets/fonts/webfonts/fa-brands-400.woff2]
[uithemez.com/i/archin-html-combaind/common/assets/fonts/webfonts/fa-brands-400.ttf]
[uithemez.com/i/archin-html-combaind/common/assets/fonts/webfonts/fa-duotone-900.woff2]
[uithemez.com/i/archin-html-combaind/common/assets/fonts/webfonts/fa-duotone-900.ttf]
[uithemez.com/i/archin-html-combaind/common/assets/fonts/webfonts/fa-light-300.woff2]
[uithemez.com/i/archin-html-combaind/common/assets/fonts/webfonts/fa-light-300.ttf]
[uithemez.com/i/archin-html-combaind/common/assets/fonts/webfonts/fa-regular-400.woff2]
[uithemez.com/i/archin-html-combaind/common/assets/fonts/webfonts/fa-regular-400.ttf]
[uithemez.com/i/archin-html-combaind/common/assets/fonts/webfonts/fa-solid-900.woff2]
[uithemez.com/i/archin-html-combaind/common/assets/fonts/webfonts/fa-solid-900.ttf]
[uithemez.com/i/archin-html-combaind/common/assets/fonts/webfonts/fa-thin-100.woff2]
[uithemez.com/i/archin-html-combaind/common/assets/fonts/webfonts/fa-thin-100.ttf]
[uithemez.com/i/archin-html-combaind/common/assets/fonts/webfonts/fa-v4compatibility.woff2]
[uithemez.com/i/archin-html-combaind/common/assets/fonts/webfonts/fa-v4compatibility.ttf]
[uithemez.com/i/archin-html-combaind/common/assets/css/lib/all.min.css]
[uithemez.com/i/archin-html-combaind/common/assets/fonts/line_awesome_1.3.0/la-brands-400.eot]
[uithemez.com/i/archin-html-combaind/common/assets/fonts/line_awesome_1.3.0/la-brands-400d41d.eot]
[uithemez.com/i/archin-html-combaind/common/assets/fonts/line_awesome_1.3.0/la-brands-400.woff2]
[uithemez.com/i/archin-html-combaind/common/assets/fonts/line_awesome_1.3.0/la-brands-400.woff]
[uithemez.com/i/archin-html-combaind/common/assets/fonts/line_awesome_1.3.0/la-brands-400.ttf]
[uithemez.com/i/archin-html-combaind/common/assets/fonts/line_awesome_1.3.0/la-regular-400.eot]
[uithemez.com/i/archin-html-combaind/common/assets/fonts/line_awesome_1.3.0/la-brands-400.svg]
[uithemez.com/i/archin-html-combaind/common/assets/fonts/line_awesome_1.3.0/la-regular-400d41d.eot]
[uithemez.com/i/archin-html-combaind/common/assets/fonts/line_awesome_1.3.0/la-regular-400.woff2]
[uithemez.com/i/archin-html-combaind/common/assets/fonts/line_awesome_1.3.0/la-regular-400.woff]
[uithemez.com/i/archin-html-combaind/common/assets/fonts/line_awesome_1.3.0/la-regular-400.ttf]
[uithemez.com/i/archin-html-combaind/common/assets/fonts/line_awesome_1.3.0/la-regular-400.svg]
[uithemez.com/i/archin-html-combaind/common/assets/fonts/line_awesome_1.3.0/la-solid-900.eot]
[uithemez.com/i/archin-html-combaind/common/assets/fonts/line_awesome_1.3.0/la-solid-900d41d.eot]
[uithemez.com/i/archin-html-combaind/common/assets/fonts/line_awesome_1.3.0/la-solid-900.woff2]
[uithemez.com/i/archin-html-combaind/common/assets/fonts/line_awesome_1.3.0/la-solid-900.woff]
[uithemez.com/i/archin-html-combaind/common/assets/fonts/line_awesome_1.3.0/la-solid-900.ttf]
[uithemez.com/i/archin-html-combaind/common/assets/css/lib/line-awesome.css]
[uithemez.com/i/archin-html-combaind/common/assets/fonts/themify_icons/themify9f24.ttf]
[uithemez.com/i/archin-html-combaind/common/assets/css/lib/themify-icons.css]
[uithemez.com/i/archin-html-combaind/common/assets/css/lib/animate.css]
[uithemez.com/i/archin-html-combaind/common/assets/css/lib/jquery.fancybox.css]
[uithemez.com/i/archin-html-combaind/common/assets/css/lib/lity.css]
[uithemez.com/i/archin-html-combaind/common/assets/css/lib/swiper8.min.css]
[uithemez.com/i/archin-html-combaind/common/assets/css/common_style.css]
[uithemez.com/i/archin-html-combaind/common/assets/fonts/line_awesome_1.3.0/la-solid-900.svg]
[uithemez.com/i/archin-html-combaind/assets/img/home2/prc_bg.png]
[uithemez.com/i/archin-html-combaind/assets/img/home2/bubbles.png]
[uithemez.com/i/archin-html-combaind/assets/img/home5/header.jpg]
[uithemez.com/i/archin-html-combaind/assets/img/home8/about.jpg]
[uithemez.com/i/archin-html-combaind/assets/style.css]
[uithemez.com/i/archin-html-combaind/common/assets/fonts/line_awesome_1.3.0/la-brands-400.svg]
[uithemez.com/i/archin-html-combaind/common/assets/fonts/line_awesome_1.3.0/la-regular-400.svg]
[uithemez.com/i/archin-html-combaind/common/assets/fonts/line_awesome_1.3.0/la-solid-900.svg]
